src/test/resources/stlc/num.stlc:1:1:info: 1: num
1
^
num
