src/test/resources/records/record.stlc:1:1:info: {a = 1, b  ...: {a : num, b : num}
{a=1, b=2}
^
src/test/resources/records/record.stlc:1:2:info: a def: field in value num
{a=1, b=2}
 ^
src/test/resources/records/record.stlc:1:4:info: 1: num
{a=1, b=2}
   ^
src/test/resources/records/record.stlc:1:7:info: b def: field in value num
{a=1, b=2}
      ^
src/test/resources/records/record.stlc:1:9:info: 2: num
{a=1, b=2}
        ^
{a : num, b : num}
