src/test/resources/tests/inh-method1.fj:6:12:info: new A(): A
    return new A();
           ^
src/test/resources/tests/inh-method1.fj:14:1:info: new B().mk ...: A
new B().mk()
^
src/test/resources/tests/inh-method1.fj:14:1:info: new B(): B
new B().mk()
^
A
